
> vendor-portal@0.1.0 build C:\Users\jopbr\Documents\GitHub\SaleorPortal
> next build

   Γû▓ Next.js 16.0.8 (Turbopack)

node.exe :  ΓÜá The "middleware" file convention is deprecated. Please 
use "proxy" instead. Learn more: 
https://nextjs.org/docs/messages/middleware-to-proxy
At C:\nodejs\pnpm.ps1:16 char:5
+     & "$basedir/node$exe"  "$basedir/node_modules/pnpm/bin/pnpm.cjs"  
...
+     ~~~~~~~~~~~~~~~~~~~~~~~~~~~~~~~~~~~~~~~~~~~~~~~~~~~~~~~~~~~~~~~~~
    + CategoryInfo          : NotSpecified: ( ΓÜá The "middl...leware-to 
   -proxy:String) [], RemoteException
    + FullyQualifiedErrorId : NativeCommandError
 
   Creating an optimized production build ...
Error: Cannot apply unknown utility class `bg-stone-50`. Are you using 
CSS modules or similar and missing `@reference`? 
https://tailwindcss.com/docs/functions-and-directives#reference-directive
    [2m[at onInvalidCandidate (C:\Users\jopbr\Documents\GitHub\SaleorPor
tal\node_modules\.pnpm\tailwindcss@4.1.17\node_modules\tailwindcss\dist\l
ib.js:21:1314)][0m
    [2m[at Te (C:\Users\jopbr\Documents\GitHub\SaleorPortal\node_modules
\.pnpm\tailwindcss@4.1.17\node_modules\tailwindcss\dist\lib.js:16:36364)]
[0m
    [2m[at C:\Users\jopbr\Documents\GitHub\SaleorPortal\node_modules\.pn
pm\tailwindcss@4.1.17\node_modules\tailwindcss\dist\lib.js:21:355][0m
    [2m[at Tr (C:\Users\jopbr\Documents\GitHub\SaleorPortal\node_modules
\.pnpm\tailwindcss@4.1.17\node_modules\tailwindcss\dist\lib.js:3:1718)][
0m
    [2m[at _ (C:\Users\jopbr\Documents\GitHub\SaleorPortal\node_modules\
.pnpm\tailwindcss@4.1.17\node_modules\tailwindcss\dist\lib.js:3:1377)][0
m
    [2m[at Se (C:\Users\jopbr\Documents\GitHub\SaleorPortal\node_modules
\.pnpm\tailwindcss@4.1.17\node_modules\tailwindcss\dist\lib.js:21:172)][
0m
    [2m[at ln (C:\Users\jopbr\Documents\GitHub\SaleorPortal\node_modules
\.pnpm\tailwindcss@4.1.17\node_modules\tailwindcss\dist\lib.js:38:294)][
0m
    [2m[at process.processTicksAndRejections 
(node:internal/process/task_queues:105:5)][0m
    [2m[at async sn (C:\Users\jopbr\Documents\GitHub\SaleorPortal\node_m
odules\.pnpm\tailwindcss@4.1.17\node_modules\tailwindcss\dist\lib.js:38:6
31)][0m
    [2m[at async Qr (C:\Users\jopbr\Documents\GitHub\SaleorPortal\node_m
odules\.pnpm\@tailwindcss+node@4.1.17\node_modules\@tailwindcss\node\dist
\index.js:10:3385)][0m

> Build error occurred
Error: Turbopack build failed with 1 errors:
./src/app/globals.css
Error evaluating Node.js code
CssSyntaxError: tailwindcss: 
C:\Users\jopbr\Documents\GitHub\SaleorPortal\src\app\globals.css:1:1: 
Cannot apply unknown utility class `bg-stone-50`. Are you using CSS 
modules or similar and missing `@reference`? 
https://tailwindcss.com/docs/functions-and-directives#reference-directive
    at Input.error (node_modules/.pnpm/postcss@8.4.31/node_modules/postcs
s/lib/input.js:106:16) [C:\Users\jopbr\Documents\GitHub\SaleorPortal\.nex
t\build\chunks\node_modules__pnpm_56ec7204._.js:4132:22]
    at Root.error (node_modules/.pnpm/postcss@8.4.31/node_modules/postcss
/lib/node.js:115:32) [C:\Users\jopbr\Documents\GitHub\SaleorPortal\.next\
build\chunks\node_modules__pnpm_56ec7204._.js:895:38]
    [at Object.Once (C:\Users\jopbr\Documents\GitHub\SaleorPortal\node_mo
dules\.pnpm\@tailwindcss+postcss@4.1.17\node_modules\@tailwindcss\postcss
\dist\index.js:10:6912)]
    [at process.processTicksAndRejections 
(node:internal/process/task_queues:105:5)]
    at async LazyResult.runAsync (node_modules/.pnpm/postcss@8.4.31/node_
modules/postcss/lib/lazy-result.js:261:11) [C:\Users\jopbr\Documents\GitH
ub\SaleorPortal\.next\build\chunks\node_modules__pnpm_56ec7204._.js:6052:
21]
    at async transform 
(turbopack:///[turbopack-node]/transforms/postcss.ts:70:34) [C:\Users\jop
br\Documents\GitHub\SaleorPortal\.next\build\chunks\[root-of-the-server]_
_51225daf._.js:146:36]
    at async run (turbopack:///[turbopack-node]/ipc/evaluate.ts:92:23) [C
:\Users\jopbr\Documents\GitHub\SaleorPortal\.next\build\chunks\[root-of-t
he-server]__974941ed._.js:443:31]

Import trace:
  Client Component Browser:
    ./src/app/globals.css [Client Component Browser]
    ./src/app/layout.tsx [Server Component]


    at async transform 
(turbopack:///[turbopack-node]/transforms/postcss.ts:70:34) [C:\Users\jop
br\Documents\GitHub\SaleorPortal\.next\build\chunks\[root-of-the-server]_
_51225daf._.js:146:36])
    at async run (turbopack:///[turbopack-node]/ipc/evaluate.ts:92:23) [C
:\Users\jopbr\Documents\GitHub\SaleorPortal\.next\build\chunks\[root-of-t
he-server]__974941ed._.js:443:31])
ΓÇëELIFECYCLEΓÇë Command failed with exit code 1.
